CPCT Join 
-----------------
selectivity no
Initialization: 1 ms 
CHT Generation: 2850 ms 
OHT has 0 occupied buckets and 31464 on the filter 
CHT has 0 occupied buckets and 158198 on the filter 
Succesfull insertions on fisrt try Filter 0
Succesfull insertions on realocantion Filter 0
Join core: 140729498860 ms 
0 linhas
2851 ms 

CPCT Join 
-----------------
selectivity no
Initialization: 1 ms 
CHT Generation: 2664 ms 
OHT has 0 occupied buckets and 31627 on the filter 
CHT has 0 occupied buckets and 158586 on the filter 
Succesfull insertions on fisrt try Filter 0
Succesfull insertions on realocantion Filter 0
Join core: 140729677396 ms 
0 linhas
2666 ms 

CPCT Join 
-----------------
selectivity no
Initialization: 1 ms 
CHT Generation: 2441 ms 
OHT has 0 occupied buckets and 31521 on the filter 
CHT has 0 occupied buckets and 158709 on the filter 
Succesfull insertions on fisrt try Filter 0
Succesfull insertions on realocantion Filter 0
Join core: 140723972303 ms 
0 linhas
2442 ms 

CPCT Join 
-----------------
selectivity no
Initialization: 1 ms 
CHT Generation: 2461 ms 
OHT has 0 occupied buckets and 31163 on the filter 
CHT has 0 occupied buckets and 158144 on the filter 
Succesfull insertions on fisrt try Filter 0
Succesfull insertions on realocantion Filter 0
Join core: 140737311422 ms 
0 linhas
2462 ms 

CPCT Join 
-----------------
selectivity no
Initialization: 1 ms 
CHT Generation: 2369 ms 
OHT has 0 occupied buckets and 31082 on the filter 
CHT has 0 occupied buckets and 158299 on the filter 
Succesfull insertions on fisrt try Filter 0
Succesfull insertions on realocantion Filter 0
Join core: 140726228744 ms 
0 linhas
2370 ms 

CPCT Join 
-----------------
selectivity no
Initialization: 1 ms 
CHT Generation: 2438 ms 
OHT has 0 occupied buckets and 31231 on the filter 
CHT has 0 occupied buckets and 158381 on the filter 
Succesfull insertions on fisrt try Filter 0
Succesfull insertions on realocantion Filter 0
Join core: 140727986651 ms 
0 linhas
2439 ms 

CPCT Join 
-----------------
selectivity no
Initialization: 1 ms 
CHT Generation: 2421 ms 
OHT has 0 occupied buckets and 31255 on the filter 
CHT has 0 occupied buckets and 158944 on the filter 
Succesfull insertions on fisrt try Filter 0
Succesfull insertions on realocantion Filter 0
Join core: 140723686148 ms 
0 linhas
2422 ms 

