Running without Marker API. Activate Marker API with -m on commandline.
CCT Join 
-----------------
selectivity no
Initialization: 0 ms 
CHT Generation: 678 ms 
OHT has 2268 occupied buckets and 955 on the filter 
CHT has 97728 occupied buckets and 100873 on the filter 
Join core: 47 ms 
50004 linhas
726 ms 


 Performance counter stats for '../../cct/cct':

        15.853.087      l1d.replacement                                             
         7.656.719      l2_lines_out.non_silent                                     
           454.161      l2_lines_out.useless_pref                                   

       1,452114753 seconds time elapsed

Running without Marker API. Activate Marker API with -m on commandline.
CCT Join 
-----------------
selectivity no
Initialization: 0 ms 
CHT Generation: 686 ms 
OHT has 2268 occupied buckets and 955 on the filter 
CHT has 97728 occupied buckets and 100873 on the filter 
Join core: 47 ms 
50004 linhas
734 ms 


 Performance counter stats for '../../cct/cct':

        16.032.661      l1d.replacement                                             
         7.617.289      l2_lines_out.non_silent                                     
           809.026      l2_lines_out.useless_pref                                   

       1,464732126 seconds time elapsed

Running without Marker API. Activate Marker API with -m on commandline.
CCT Join 
-----------------
selectivity no
Initialization: 0 ms 
CHT Generation: 678 ms 
OHT has 2268 occupied buckets and 955 on the filter 
CHT has 97728 occupied buckets and 100873 on the filter 
Join core: 47 ms 
50004 linhas
726 ms 


 Performance counter stats for '../../cct/cct':

        15.960.829      l1d.replacement                                             
         7.697.976      l2_lines_out.non_silent                                     
           471.966      l2_lines_out.useless_pref                                   

       1,447427328 seconds time elapsed

Running without Marker API. Activate Marker API with -m on commandline.
CCT Join 
-----------------
selectivity no
Initialization: 1 ms 
CHT Generation: 678 ms 
OHT has 2268 occupied buckets and 955 on the filter 
CHT has 97728 occupied buckets and 100873 on the filter 
Join core: 47 ms 
50004 linhas
726 ms 


 Performance counter stats for '../../cct/cct':

        15.996.404      l1d.replacement                                             
         7.696.762      l2_lines_out.non_silent                                     
           636.048      l2_lines_out.useless_pref                                   

       1,465374610 seconds time elapsed

Running without Marker API. Activate Marker API with -m on commandline.
CCT Join 
-----------------
selectivity no
Initialization: 1 ms 
CHT Generation: 840 ms 
OHT has 2268 occupied buckets and 955 on the filter 
CHT has 97728 occupied buckets and 100873 on the filter 
Join core: 58 ms 
50004 linhas
899 ms 


 Performance counter stats for '../../cct/cct':

        15.927.915      l1d.replacement                                             
         7.699.329      l2_lines_out.non_silent                                     
           464.101      l2_lines_out.useless_pref                                   

       1,776093196 seconds time elapsed

Running without Marker API. Activate Marker API with -m on commandline.
CCT Join 
-----------------
selectivity no
Initialization: 1 ms 
CHT Generation: 843 ms 
OHT has 2268 occupied buckets and 955 on the filter 
CHT has 97728 occupied buckets and 100873 on the filter 
Join core: 59 ms 
50004 linhas
902 ms 


 Performance counter stats for '../../cct/cct':

        16.012.392      l1d.replacement                                             
         7.734.364      l2_lines_out.non_silent                                     
           621.002      l2_lines_out.useless_pref                                   

       1,790539479 seconds time elapsed

Running without Marker API. Activate Marker API with -m on commandline.
CCT Join 
-----------------
selectivity no
Initialization: 1 ms 
CHT Generation: 840 ms 
OHT has 2268 occupied buckets and 955 on the filter 
CHT has 97728 occupied buckets and 100873 on the filter 
Join core: 58 ms 
50004 linhas
899 ms 


 Performance counter stats for '../../cct/cct':

        16.014.992      l1d.replacement                                             
         7.710.787      l2_lines_out.non_silent                                     
           438.182      l2_lines_out.useless_pref                                   

       1,776348979 seconds time elapsed

