Running without Marker API. Activate Marker API with -m on commandline.
CPCT Join 
-----------------
selectivity no
Initialization: 1 ms 
CHT Generation: 3263 ms 
OHT has 0 occupied buckets and 31598 on the filter 
CHT has 0 occupied buckets and 158368 on the filter 
Succesfull insertions on fisrt try Filter 0
Succesfull insertions on realocantion Filter 0
Join core: 140723352917 ms 
0 linhas
3265 ms 


 Performance counter stats for '../../cpct/cpct':

        33.818.192      l1d.replacement                                             
         8.787.177      l2_lines_out.non_silent                                     
         7.885.184      l2_lines_out.useless_pref                                   

       2,319265341 seconds time elapsed

Running without Marker API. Activate Marker API with -m on commandline.
CPCT Join 
-----------------
selectivity no
Initialization: 1 ms 
CHT Generation: 3154 ms 
OHT has 0 occupied buckets and 31485 on the filter 
CHT has 0 occupied buckets and 157936 on the filter 
Succesfull insertions on fisrt try Filter 0
Succesfull insertions on realocantion Filter 0
Join core: 140721998645 ms 
0 linhas
3155 ms 


 Performance counter stats for '../../cpct/cpct':

        34.954.998      l1d.replacement                                             
         9.918.966      l2_lines_out.non_silent                                     
         6.598.754      l2_lines_out.useless_pref                                   

       2,063775189 seconds time elapsed

Running without Marker API. Activate Marker API with -m on commandline.
CPCT Join 
-----------------
selectivity no
Initialization: 1 ms 
CHT Generation: 3130 ms 
OHT has 0 occupied buckets and 31337 on the filter 
CHT has 0 occupied buckets and 157697 on the filter 
Succesfull insertions on fisrt try Filter 0
Succesfull insertions on realocantion Filter 0
Join core: 140734988729 ms 
0 linhas
3132 ms 


 Performance counter stats for '../../cpct/cpct':

        35.443.700      l1d.replacement                                             
         9.885.988      l2_lines_out.non_silent                                     
         6.405.577      l2_lines_out.useless_pref                                   

       2,031863308 seconds time elapsed

Running without Marker API. Activate Marker API with -m on commandline.
CPCT Join 
-----------------
selectivity no
Initialization: 1 ms 
CHT Generation: 3168 ms 
OHT has 0 occupied buckets and 31558 on the filter 
CHT has 0 occupied buckets and 158386 on the filter 
Succesfull insertions on fisrt try Filter 0
Succesfull insertions on realocantion Filter 0
Join core: 140725498677 ms 
0 linhas
3169 ms 


 Performance counter stats for '../../cpct/cpct':

        34.154.031      l1d.replacement                                             
         9.789.732      l2_lines_out.non_silent                                     
         6.212.059      l2_lines_out.useless_pref                                   

       2,005078523 seconds time elapsed

Running without Marker API. Activate Marker API with -m on commandline.
CPCT Join 
-----------------
selectivity no
Initialization: 2 ms 
CHT Generation: 3146 ms 
OHT has 0 occupied buckets and 31378 on the filter 
CHT has 0 occupied buckets and 158441 on the filter 
Succesfull insertions on fisrt try Filter 0
Succesfull insertions on realocantion Filter 0
Join core: 140728535038 ms 
0 linhas
3148 ms 


 Performance counter stats for '../../cpct/cpct':

        34.435.706      l1d.replacement                                             
         9.738.675      l2_lines_out.non_silent                                     
         6.179.706      l2_lines_out.useless_pref                                   

       2,032340862 seconds time elapsed

Running without Marker API. Activate Marker API with -m on commandline.
CPCT Join 
-----------------
selectivity no
Initialization: 1 ms 
CHT Generation: 3052 ms 
OHT has 0 occupied buckets and 31656 on the filter 
CHT has 0 occupied buckets and 158741 on the filter 
Succesfull insertions on fisrt try Filter 0
Succesfull insertions on realocantion Filter 0
Join core: 140735573336 ms 
0 linhas
3053 ms 


 Performance counter stats for '../../cpct/cpct':

        32.943.613      l1d.replacement                                             
        10.023.647      l2_lines_out.non_silent                                     
         6.620.281      l2_lines_out.useless_pref                                   

       1,985247146 seconds time elapsed

Running without Marker API. Activate Marker API with -m on commandline.
CPCT Join 
-----------------
selectivity no
Initialization: 1 ms 
CHT Generation: 3153 ms 
OHT has 0 occupied buckets and 31611 on the filter 
CHT has 0 occupied buckets and 158751 on the filter 
Succesfull insertions on fisrt try Filter 0
Succesfull insertions on realocantion Filter 0
Join core: 140727075788 ms 
0 linhas
3155 ms 


 Performance counter stats for '../../cpct/cpct':

        34.420.078      l1d.replacement                                             
         9.698.565      l2_lines_out.non_silent                                     
         5.931.559      l2_lines_out.useless_pref                                   

       2,006015761 seconds time elapsed

