Running without Marker API. Activate Marker API with -m on commandline.
CCT Join 
-----------------
selectivity no
Initialization: 1 ms 
CHT Generation: 370 ms 
OHT has 0 occupied buckets and 955 on the filter 
CHT has 0 occupied buckets and 100873 on the filter 
Join core: 140726628827 ms 
0 linhas
370 ms 


 Performance counter stats for '../../cct/cct':

        11.330.523      l1d.replacement                                             
         6.755.635      l2_lines_out.non_silent                                     
         3.138.723      l2_lines_out.useless_pref                                   

       1,533844541 seconds time elapsed

Running without Marker API. Activate Marker API with -m on commandline.
CCT Join 
-----------------
selectivity no
Initialization: 1 ms 
CHT Generation: 375 ms 
OHT has 0 occupied buckets and 955 on the filter 
CHT has 0 occupied buckets and 100873 on the filter 
Join core: 140735827476 ms 
0 linhas
376 ms 


 Performance counter stats for '../../cct/cct':

        10.987.128      l1d.replacement                                             
         6.731.090      l2_lines_out.non_silent                                     
         2.943.635      l2_lines_out.useless_pref                                   

       1,484406057 seconds time elapsed

Running without Marker API. Activate Marker API with -m on commandline.
CCT Join 
-----------------
selectivity no
Initialization: 1 ms 
CHT Generation: 367 ms 
OHT has 0 occupied buckets and 955 on the filter 
CHT has 0 occupied buckets and 100873 on the filter 
Join core: 140729088793 ms 
0 linhas
368 ms 


 Performance counter stats for '../../cct/cct':

        10.834.442      l1d.replacement                                             
         6.730.159      l2_lines_out.non_silent                                     
         2.915.417      l2_lines_out.useless_pref                                   

       1,457654983 seconds time elapsed

Running without Marker API. Activate Marker API with -m on commandline.
CCT Join 
-----------------
selectivity no
Initialization: 1 ms 
CHT Generation: 361 ms 
OHT has 0 occupied buckets and 955 on the filter 
CHT has 0 occupied buckets and 100873 on the filter 
Join core: 140731232737 ms 
0 linhas
362 ms 


 Performance counter stats for '../../cct/cct':

        10.940.110      l1d.replacement                                             
         6.670.044      l2_lines_out.non_silent                                     
         3.072.885      l2_lines_out.useless_pref                                   

       1,462194814 seconds time elapsed

Running without Marker API. Activate Marker API with -m on commandline.
CCT Join 
-----------------
selectivity no
Initialization: 1 ms 
CHT Generation: 376 ms 
OHT has 0 occupied buckets and 955 on the filter 
CHT has 0 occupied buckets and 100873 on the filter 
Join core: 140729167544 ms 
0 linhas
377 ms 


 Performance counter stats for '../../cct/cct':

        10.850.733      l1d.replacement                                             
         6.626.974      l2_lines_out.non_silent                                     
         2.854.248      l2_lines_out.useless_pref                                   

       1,456332790 seconds time elapsed

Running without Marker API. Activate Marker API with -m on commandline.
CCT Join 
-----------------
selectivity no
Initialization: 1 ms 
CHT Generation: 358 ms 
OHT has 0 occupied buckets and 955 on the filter 
CHT has 0 occupied buckets and 100873 on the filter 
Join core: 140737272073 ms 
0 linhas
359 ms 


 Performance counter stats for '../../cct/cct':

        10.901.675      l1d.replacement                                             
         6.441.132      l2_lines_out.non_silent                                     
         2.844.686      l2_lines_out.useless_pref                                   

       1,448328826 seconds time elapsed

Running without Marker API. Activate Marker API with -m on commandline.
CCT Join 
-----------------
selectivity no
Initialization: 1 ms 
CHT Generation: 363 ms 
OHT has 0 occupied buckets and 955 on the filter 
CHT has 0 occupied buckets and 100873 on the filter 
Join core: 140733331358 ms 
0 linhas
364 ms 


 Performance counter stats for '../../cct/cct':

        10.889.112      l1d.replacement                                             
         6.657.149      l2_lines_out.non_silent                                     
         2.761.673      l2_lines_out.useless_pref                                   

       1,424169455 seconds time elapsed

